// Jest Snapshot v1, https://goo.gl/fbAQLP

exports[`should render ExpanseList component correctly with expanses 1`] = `
<div>
  <[object Object]
    expanses={
      Array [
        Object {
          "amount": 9000,
          "createdAt": -4000,
          "description": "rent",
          "id": "1",
          "note": "",
        },
        Object {
          "amount": 900,
          "createdAt": 1000,
          "description": "gas bill",
          "id": "2",
          "note": "",
        },
        Object {
          "amount": 1200,
          "createdAt": 4000,
          "description": "water bill",
          "id": "3",
          "note": "",
        },
      ]
    }
  />
</div>
`;

exports[`should render ExpanseList component correctly with no expanses 1`] = `
<div>
  <div
    className="container"
  >
    <h3
      className="table-heading"
    >
      Please add your expenses.
    </h3>
  </div>
</div>
`;
